[    0.000000] Linux version 4.15.0-112-generic (buildd@lcy01-amd64-027) (gcc version 7.5.0 (Ubuntu 7.5.0-3ubuntu1~18.04)) #113-Ubuntu SMP Thu Jul 9 23:41:39 UTC 2020 (Ubuntu 4.15.0-112.113-generic 4.15.18)
[    0.000000] Command line: BOOT_IMAGE=/boot/vmlinuz-4.15.0-112-generic root=LABEL=cloudimg-rootfs ro console=tty1 console=ttyS0
[    0.000000] KERNEL supported cpus:
[    0.000000]   Intel GenuineIntel
[    0.000000]   AMD AuthenticAMD
[    0.000000]   Centaur CentaurHauls
[    0.000000] x86/fpu: Supporting XSAVE feature 0x001: 'x87 floating point registers'
[    0.000000] x86/fpu: Supporting XSAVE feature 0x002: 'SSE registers'
[    0.000000] x86/fpu: Supporting XSAVE feature 0x004: 'AVX registers'
[    0.000000] x86/fpu: xstate_offset[2]:  576, xstate_sizes[2]:  256
[    0.000000] x86/fpu: Enabled xstate features 0x7, context size is 832 bytes, using 'standard' format.
[    0.000000] e820: BIOS-provided physical RAM map:
[    0.000000] BIOS-e820: [mem 0x0000000000000000-0x000000000009fbff] usable
[    0.000000] BIOS-e820: [mem 0x000000000009fc00-0x000000000009ffff] reserved
[    0.000000] BIOS-e820: [mem 0x00000000000f0000-0x00000000000fffff] reserved
[    0.000000] BIOS-e820: [mem 0x0000000000100000-0x000000003ffeffff] usable
[    0.000000] BIOS-e820: [mem 0x000000003fff0000-0x000000003fffffff] ACPI data
[    0.000000] BIOS-e820: [mem 0x00000000fec00000-0x00000000fec00fff] reserved
[    0.000000] BIOS-e820: [mem 0x00000000fee00000-0x00000000fee00fff] reserved
[    0.000000] BIOS-e820: [mem 0x00000000fffc0000-0x00000000ffffffff] reserved
[    0.000000] NX (Execute Disable) protection: active
[    0.000000] SMBIOS 2.5 present.
[    0.000000] DMI: innotek GmbH VirtualBox/VirtualBox, BIOS VirtualBox 12/01/2006
[    0.000000] Hypervisor detected: KVM
[    0.000000] e820: last_pfn = 0x3fff0 max_arch_pfn = 0x400000000
[    0.000000] MTRR: Disabled
[    0.000000] x86/PAT: MTRRs disabled, skipping PAT initialization too.
[    0.000000] CPU MTRRs all blank - virtualized system.
[    0.000000] x86/PAT: Configuration [0-7]: WB  WT  UC- UC  WB  WT  UC- UC  
[    0.000000] found SMP MP-table at [mem 0x0009fff0-0x0009ffff]
[    0.000000] Scanning 1 areas for low memory corruption
[    0.000000] RAMDISK: [mem 0x35a69000-0x36d2bfff]
[    0.000000] ACPI: Early table checksum verification disabled
[    0.000000] ACPI: RSDP 0x00000000000E0000 000024 (v02 VBOX  )
[    0.000000] ACPI: XSDT 0x000000003FFF0030 00003C (v01 VBOX   VBOXXSDT 00000001 ASL  00000061)
[    0.000000] ACPI: FACP 0x000000003FFF00F0 0000F4 (v04 VBOX   VBOXFACP 00000001 ASL  00000061)
[    0.000000] ACPI: DSDT 0x000000003FFF0480 002325 (v02 VBOX   VBOXBIOS 00000002 INTL 20100528)
[    0.000000] ACPI: FACS 0x000000003FFF0200 000040
[    0.000000] ACPI: FACS 0x000000003FFF0200 000040
[    0.000000] ACPI: APIC 0x000000003FFF0240 00006C (v02 VBOX   VBOXAPIC 00000001 ASL  00000061)
[    0.000000] ACPI: SSDT 0x000000003FFF02B0 0001CC (v01 VBOX   VBOXCPUT 00000002 INTL 20100528)
[    0.000000] No NUMA configuration found
[    0.000000] Faking a node at [mem 0x0000000000000000-0x000000003ffeffff]
[    0.000000] NODE_DATA(0) allocated [mem 0x3ffc5000-0x3ffeffff]
[    0.000000] kvm-clock: cpu 0, msr 0:3ff44001, primary cpu clock
[    0.000000] kvm-clock: Using msrs 4b564d01 and 4b564d00
[    0.000000] kvm-clock: using sched offset of 3916207260 cycles
[    0.000000] clocksource: kvm-clock: mask: 0xffffffffffffffff max_cycles: 0x1cd42e4dffb, max_idle_ns: 881590591483 ns
[    0.000000] Zone ranges:
[    0.000000]   DMA      [mem 0x0000000000001000-0x0000000000ffffff]
[    0.000000]   DMA32    [mem 0x0000000001000000-0x000000003ffeffff]
[    0.000000]   Normal   empty
[    0.000000]   Device   empty
[    0.000000] Movable zone start for each node
[    0.000000] Early memory node ranges
[    0.000000]   node   0: [mem 0x0000000000001000-0x000000000009efff]
[    0.000000]   node   0: [mem 0x0000000000100000-0x000000003ffeffff]
[    0.000000] Reserved but unavailable: 98 pages
[    0.000000] Initmem setup node 0 [mem 0x0000000000001000-0x000000003ffeffff]
[    0.000000] ACPI: PM-Timer IO Port: 0x4008
[    0.000000] IOAPIC[0]: apic_id 4, version 32, address 0xfec00000, GSI 0-23
[    0.000000] ACPI: INT_SRC_OVR (bus 0 bus_irq 0 global_irq 2 dfl dfl)
[    0.000000] ACPI: INT_SRC_OVR (bus 0 bus_irq 9 global_irq 9 low level)
[    0.000000] Using ACPI (MADT) for SMP configuration information
[    0.000000] smpboot: Allowing 4 CPUs, 0 hotplug CPUs
[    0.000000] PM: Registered nosave memory: [mem 0x00000000-0x00000fff]
[    0.000000] PM: Registered nosave memory: [mem 0x0009f000-0x0009ffff]
[    0.000000] PM: Registered nosave memory: [mem 0x000a0000-0x000effff]
[    0.000000] PM: Registered nosave memory: [mem 0x000f0000-0x000fffff]
[    0.000000] e820: [mem 0x40000000-0xfebfffff] available for PCI devices
[    0.000000] Booting paravirtualized kernel on KVM
[    0.000000] clocksource: refined-jiffies: mask: 0xffffffff max_cycles: 0xffffffff, max_idle_ns: 7645519600211568 ns
[    0.000000] random: get_random_bytes called from start_kernel+0x99/0x500 with crng_init=0
[    0.000000] setup_percpu: NR_CPUS:8192 nr_cpumask_bits:4 nr_cpu_ids:4 nr_node_ids:1
[    0.000000] percpu: Embedded 45 pages/cpu s147456 r8192 d28672 u524288
[    0.000000] PV qspinlock hash table entries: 256 (order: 0, 4096 bytes)
[    0.000000] Built 1 zonelists, mobility grouping on.  Total pages: 257913
[    0.000000] Policy zone: DMA32
[    0.000000] Kernel command line: BOOT_IMAGE=/boot/vmlinuz-4.15.0-112-generic root=LABEL=cloudimg-rootfs ro console=tty1 console=ttyS0
[    0.000000] Memory: 982680K/1048120K available (12300K kernel code, 2481K rwdata, 4272K rodata, 2436K init, 2720K bss, 65440K reserved, 0K cma-reserved)
[    0.000000] SLUB: HWalign=64, Order=0-3, MinObjects=0, CPUs=4, Nodes=1
[    0.000000] Kernel/User page tables isolation: enabled
[    0.000000] ftrace: allocating 39378 entries in 154 pages
[    0.004000] Hierarchical RCU implementation.
[    0.004000] 	RCU restricting CPUs from NR_CPUS=8192 to nr_cpu_ids=4.
[    0.004000] 	Tasks RCU enabled.
[    0.004000] RCU: Adjusting geometry for rcu_fanout_leaf=16, nr_cpu_ids=4
[    0.004000] NR_IRQS: 524544, nr_irqs: 456, preallocated irqs: 16
[    0.004000] Console: colour VGA+ 80x25
[    0.004000] console [tty1] enabled
[    0.004000] console [ttyS0] enabled
[    0.004000] ACPI: Core revision 20170831
[    0.004000] ACPI: 2 ACPI AML tables successfully acquired and loaded
[    0.004000] APIC: Switch to symmetric I/O mode setup
[    0.004000] x2apic enabled
[    0.004000] Switched APIC routing to physical x2apic.
[    0.004000] ..TIMER: vector=0x30 apic1=0 pin1=2 apic2=-1 pin2=-1
[    0.004003] tsc: Detected 2591.998 MHz processor
[    0.004871] Calibrating delay loop (skipped) preset value.. 5183.99 BogoMIPS (lpj=10367992)
[    0.005901] pid_max: default: 32768 minimum: 301
[    0.008029] Security Framework initialized
[    0.008849] Yama: becoming mindful.
[    0.009579] AppArmor: AppArmor initialized
[    0.012000] Dentry cache hash table entries: 131072 (order: 8, 1048576 bytes)
[    0.012044] Inode-cache hash table entries: 65536 (order: 7, 524288 bytes)
[    0.016010] Mount-cache hash table entries: 2048 (order: 2, 16384 bytes)
[    0.017289] Mountpoint-cache hash table entries: 2048 (order: 2, 16384 bytes)
[    0.018788] Last level iTLB entries: 4KB 64, 2MB 8, 4MB 8
[    0.020002] Last level dTLB entries: 4KB 64, 2MB 0, 4MB 0, 1GB 4
[    0.021132] Spectre V1 : Mitigation: usercopy/swapgs barriers and __user pointer sanitization
[    0.022944] Spectre V2 : Mitigation: Full generic retpoline
[    0.024001] Spectre V2 : Spectre v2 / SpectreRSB mitigation: Filling RSB on context switch
[    0.025567] Speculative Store Bypass: Vulnerable
[    0.026482] SRBDS: Unknown: Dependent on hypervisor status
[    0.027518] MDS: Mitigation: Clear CPU buffers
[    0.028169] Freeing SMP alternatives memory: 36K
[    0.138691] smpboot: CPU0: Intel(R) Core(TM) i7-9750H CPU @ 2.60GHz (family: 0x6, model: 0x9e, stepping: 0xa)
[    0.140000] Performance Events: unsupported p6 CPU model 158 no PMU driver, software events only.
[    0.140000] Hierarchical SRCU implementation.
[    0.140601] NMI watchdog: Perf event create on CPU 0 failed with -2
[    0.141772] NMI watchdog: Perf NMI watchdog permanently disabled
[    0.142931] smp: Bringing up secondary CPUs ...
[    0.144065] x86: Booting SMP configuration:
[    0.144907] .... node  #0, CPUs:      #1
[    0.004000] kvm-clock: cpu 1, msr 0:3ff44041, secondary cpu clock
[    0.148062]  #2
[    0.004000] kvm-clock: cpu 2, msr 0:3ff44081, secondary cpu clock
[    0.154481]  #3
[    0.004000] kvm-clock: cpu 3, msr 0:3ff440c1, secondary cpu clock
[    0.159069] smp: Brought up 1 node, 4 CPUs
[    0.159069] smpboot: Max logical packages: 1
[    0.160003] smpboot: Total of 4 processors activated (20735.98 BogoMIPS)
[    0.161408] devtmpfs: initialized
[    0.161408] x86/mm: Memory block size: 128MB
[    0.161733] evm: security.selinux
[    0.164003] evm: security.SMACK64
[    0.164698] evm: security.SMACK64EXEC
[    0.165503] evm: security.SMACK64TRANSMUTE
[    0.166238] evm: security.SMACK64MMAP
[    0.166976] evm: security.apparmor
[    0.167609] evm: security.ima
[    0.168002] evm: security.capability
[    0.169025] clocksource: jiffies: mask: 0xffffffff max_cycles: 0xffffffff, max_idle_ns: 7645041785100000 ns
[    0.169902] futex hash table entries: 1024 (order: 4, 65536 bytes)
[    0.172079] pinctrl core: initialized pinctrl subsystem
[    0.173149] RTC time: 19:28:16, date: 08/06/20
[    0.176065] NET: Registered protocol family 16
[    0.177034] audit: initializing netlink subsys (disabled)
[    0.178012] audit: type=2000 audit(1596742101.148:1): state=initialized audit_enabled=0 res=1
[    0.180005] cpuidle: using governor ladder
[    0.180813] cpuidle: using governor menu
[    0.181571] ACPI: bus type PCI registered
[    0.182363] acpiphp: ACPI Hot Plug PCI Controller Driver version: 0.5
[    0.183695] PCI: Using configuration type 1 for base access
[    0.185047] HugeTLB registered 2.00 MiB page size, pre-allocated 0 pages
[    0.188072] ACPI: Added _OSI(Module Device)
[    0.188949] ACPI: Added _OSI(Processor Device)
[    0.189743] ACPI: Added _OSI(3.0 _SCP Extensions)
[    0.190663] ACPI: Added _OSI(Processor Aggregator Device)
[    0.191685] ACPI: Added _OSI(Linux-Dell-Video)
[    0.192003] ACPI: Added _OSI(Linux-Lenovo-NV-HDMI-Audio)
[    0.193148] ACPI: Added _OSI(Linux-HPI-Hybrid-Graphics)
[    0.194359] ACPI: Executed 1 blocks of module-level executable AML code
[    0.198869] ACPI: Interpreter enabled
[    0.200011] ACPI: (supports S0 S5)
[    0.200751] ACPI: Using IOAPIC for interrupt routing
[    0.201992] PCI: Using host bridge windows from ACPI; if necessary, use "pci=nocrs" and report a bug
[    0.204000] ACPI: Enabled 2 GPEs in block 00 to 07
[    0.212183] ACPI: PCI Root Bridge [PCI0] (domain 0000 [bus 00-ff])
[    0.213354] acpi PNP0A03:00: _OSC: OS supports [ASPM ClockPM Segments MSI]
[    0.215118] acpi PNP0A03:00: _OSC: not requesting OS control; OS requires [ExtendedConfig ASPM ClockPM MSI]
[    0.216010] acpi PNP0A03:00: fail to add MMCONFIG information, can't access extended PCI configuration space under this bridge.
[    0.218547] PCI host bridge to bus 0000:00
[    0.220003] pci_bus 0000:00: root bus resource [io  0x0000-0x0cf7 window]
[    0.221363] pci_bus 0000:00: root bus resource [io  0x0d00-0xffff window]
[    0.222655] pci_bus 0000:00: root bus resource [mem 0x000a0000-0x000bffff window]
[    0.224002] pci_bus 0000:00: root bus resource [mem 0x40000000-0xfdffffff window]
[    0.225458] pci_bus 0000:00: root bus resource [bus 00-ff]
[    0.229038] pci 0000:00:01.1: legacy IDE quirk: reg 0x10: [io  0x01f0-0x01f7]
[    0.230359] pci 0000:00:01.1: legacy IDE quirk: reg 0x14: [io  0x03f6]
[    0.231643] pci 0000:00:01.1: legacy IDE quirk: reg 0x18: [io  0x0170-0x0177]
[    0.232002] pci 0000:00:01.1: legacy IDE quirk: reg 0x1c: [io  0x0376]
[    0.246884] pci 0000:00:07.0: quirk: [io  0x4000-0x403f] claimed by PIIX4 ACPI
[    0.248013] pci 0000:00:07.0: quirk: [io  0x4100-0x410f] claimed by PIIX4 SMB
[    0.253996] ACPI: PCI Interrupt Link [LNKA] (IRQs 5 9 10 *11)
[    0.255359] ACPI: PCI Interrupt Link [LNKB] (IRQs 5 9 *10 11)
[    0.256114] ACPI: PCI Interrupt Link [LNKC] (IRQs 5 *9 10 11)
[    0.257377] ACPI: PCI Interrupt Link [LNKD] (IRQs 5 9 10 *11)
[    0.258915] SCSI subsystem initialized
[    0.260070] pci 0000:00:02.0: vgaarb: setting as boot VGA device
[    0.261078] pci 0000:00:02.0: vgaarb: VGA device added: decodes=io+mem,owns=io+mem,locks=none
[    0.262581] pci 0000:00:02.0: vgaarb: bridge control possible
[    0.263548] vgaarb: loaded
[    0.264022] ACPI: bus type USB registered
[    0.264829] usbcore: registered new interface driver usbfs
[    0.265764] usbcore: registered new interface driver hub
[    0.266675] usbcore: registered new device driver usb
[    0.268049] EDAC MC: Ver: 3.0.0
[    0.272045] PCI: Using ACPI for IRQ routing
[    0.273107] NetLabel: Initializing
[    0.273763] NetLabel:  domain hash size = 128
[    0.274637] NetLabel:  protocols = UNLABELED CIPSOv4 CALIPSO
[    0.275806] NetLabel:  unlabeled traffic allowed by default
[    0.277184] clocksource: Switched to clocksource kvm-clock
[    0.294315] VFS: Disk quotas dquot_6.6.0
[    0.295324] VFS: Dquot-cache hash table entries: 512 (order 0, 4096 bytes)
[    0.296741] AppArmor: AppArmor Filesystem Enabled
[    0.297697] pnp: PnP ACPI init
[    0.299431] pnp: PnP ACPI: found 3 devices
[    0.311247] clocksource: acpi_pm: mask: 0xffffff max_cycles: 0xffffff, max_idle_ns: 2085701024 ns
[    0.312917] NET: Registered protocol family 2
[    0.313873] TCP established hash table entries: 8192 (order: 4, 65536 bytes)
[    0.315059] TCP bind hash table entries: 8192 (order: 5, 131072 bytes)
[    0.316170] TCP: Hash tables configured (established 8192 bind 8192)
[    0.317353] UDP hash table entries: 512 (order: 2, 16384 bytes)
[    0.318481] UDP-Lite hash table entries: 512 (order: 2, 16384 bytes)
[    0.319750] NET: Registered protocol family 1
[    0.320565] pci 0000:00:00.0: Limiting direct PCI/PCI transfers
[    0.321555] pci 0000:00:01.0: Activating ISA DMA hang workarounds
[    0.322588] pci 0000:00:02.0: Video device with shadowed ROM at [mem 0x000c0000-0x000dffff]
[    0.324070] Unpacking initramfs...
[    0.591087] Freeing initrd memory: 19212K
[    0.592059] clocksource: tsc: mask: 0xffffffffffffffff max_cycles: 0x255cb518234, max_idle_ns: 440795279333 ns
[    0.593954] platform rtc_cmos: registered platform RTC device (no PNP device found)
[    0.595412] Scanning for low memory corruption every 60 seconds
[    0.597407] Initialise system trusted keyrings
[    0.598281] Key type blacklist registered
[    0.599206] workingset: timestamp_bits=36 max_order=18 bucket_order=0
[    0.601484] zbud: loaded
[    0.602724] squashfs: version 4.0 (2009/01/31) Phillip Lougher
[    0.604065] fuse init (API version 7.26)
[    0.607759] Key type asymmetric registered
[    0.608601] Asymmetric key parser 'x509' registered
[    0.609558] Block layer SCSI generic (bsg) driver version 0.4 loaded (major 246)
[    0.611011] io scheduler noop registered
[    0.611861] io scheduler deadline registered
[    0.612830] io scheduler cfq registered (default)
[    0.614327] ACPI: AC Adapter [AC] (on-line)
[    0.615195] input: Power Button as /devices/LNXSYSTM:00/LNXPWRBN:00/input/input0
[    0.616795] ACPI: Power Button [PWRF]
[    0.617701] input: Sleep Button as /devices/LNXSYSTM:00/LNXSLPBN:00/input/input1
[    0.619322] ACPI: Sleep Button [SLPF]
[    0.621204] ACPI: Battery Slot [BAT0] (battery present)
[    0.622222] Serial: 8250/16550 driver, 32 ports, IRQ sharing enabled
[    0.644115] 00:02: ttyS0 at I/O 0x3f8 (irq = 4, base_baud = 115200) is a 16550A
[    0.650237] Linux agpgart interface v0.103
[    0.653450] loop: module loaded
[    0.654602] scsi host0: ata_piix
[    0.655432] scsi host1: ata_piix
[    0.656163] ata1: PATA max UDMA/33 cmd 0x1f0 ctl 0x3f6 bmdma 0xd000 irq 14
[    0.657295] ata2: PATA max UDMA/33 cmd 0x170 ctl 0x376 bmdma 0xd008 irq 15
[    0.658514] libphy: Fixed MDIO Bus: probed
[    0.659288] tun: Universal TUN/TAP device driver, 1.6
[    0.660598] PPP generic driver version 2.4.2
[    0.661466] ehci_hcd: USB 2.0 'Enhanced' Host Controller (EHCI) Driver
[    0.662550] ehci-pci: EHCI PCI platform driver
[    0.663336] ehci-platform: EHCI generic platform driver
[    0.664223] ohci_hcd: USB 1.1 'Open' Host Controller (OHCI) Driver
[    0.665359] ohci-pci: OHCI PCI platform driver
[    0.666131] ohci-platform: OHCI generic platform driver
[    0.667013] uhci_hcd: USB Universal Host Controller Interface driver
[    0.668238] i8042: PNP: PS/2 Controller [PNP0303:PS2K,PNP0f03:PS2M] at 0x60,0x64 irq 1,12
[    0.670212] serio: i8042 KBD port at 0x60,0x64 irq 1
[    0.671079] serio: i8042 AUX port at 0x60,0x64 irq 12
[    0.672189] mousedev: PS/2 mouse device common for all mice
[    0.673688] rtc_cmos rtc_cmos: rtc core: registered rtc_cmos as rtc0
[    0.674848] rtc_cmos rtc_cmos: alarms up to one day, 114 bytes nvram
[    0.675991] i2c /dev entries driver
[    0.676731] input: AT Translated Set 2 keyboard as /devices/platform/i8042/serio0/input/input2
[    0.678363] device-mapper: uevent: version 1.0.3
[    0.679325] device-mapper: ioctl: 4.37.0-ioctl (2017-09-20) initialised: dm-devel@redhat.com
[    0.681120] ledtrig-cpu: registered to indicate activity on CPUs
[    0.683120] NET: Registered protocol family 10
[    0.688198] Segment Routing with IPv6
[    0.688870] NET: Registered protocol family 17
[    0.689836] Key type dns_resolver registered
[    0.691265] mce: Using 0 MCE banks
[    0.691977] RAS: Correctable Errors collector initialized.
[    0.693137] sched_clock: Marking stable (693120917, 0)->(856013644, -162892727)
[    0.696128] registered taskstats version 1
[    0.696855] Loading compiled-in X.509 certificates
[    0.699725] Loaded X.509 cert 'Build time autogenerated kernel key: 1d4b83cbc5f7a3cd7e4471a5cf69d65d9314bdf5'
[    0.701598] zswap: loaded using pool lzo/zbud
[    0.706255] Key type big_key registered
[    0.706932] Key type trusted registered
[    0.709105] Key type encrypted registered
[    0.709814] AppArmor: AppArmor sha1 policy hashing enabled
[    0.710746] ima: No TPM chip found, activating TPM-bypass! (rc=-19)
[    0.711795] ima: Allocated hash algorithm: sha1
[    0.712646] evm: HMAC attrs: 0x1
[    0.713455]   Magic number: 0:405:495
[    0.714276] rtc_cmos rtc_cmos: setting system clock to 2020-08-06 19:28:16 UTC (1596742096)
[    0.715848] BIOS EDD facility v0.16 2004-Jun-25, 0 devices found
[    0.716899] EDD information not available.
[    0.939207] Freeing unused kernel image memory: 2436K
[    1.493494] Write protecting the kernel read-only data: 20480k
[    1.499114] Freeing unused kernel image memory: 2008K
[    1.500491] Freeing unused kernel image memory: 1872K
[    1.508911] x86/mm: Checked W+X mappings: passed, no W+X pages found.
[    1.510144] x86/mm: Checking user space page tables
[    1.518246] x86/mm: Checked W+X mappings: passed, no W+X pages found.
Loading, please wait...
starting version 237
[    1.569290] Fusion MPT base driver 3.04.20
[    1.570102] Copyright (c) 1999-2008 LSI Corporation
[    1.571138] e1000: Intel(R) PRO/1000 Network Driver - version 7.3.21-k8-NAPI
[    1.572451] e1000: Copyright (c) 1999-2006 Intel Corporation.
[    1.578280] Fusion MPT SPI Host driver 3.04.20
[    1.580851] AVX2 version of gcm_enc/dec engaged.
[    1.581839] AES CTR mode by8 optimization enabled
[    1.796493] input: ImExPS/2 Generic Explorer Mouse as /devices/platform/i8042/serio1/input/input4
[    2.591645] e1000 0000:00:03.0 eth0: (PCI:33MHz:32-bit) 02:a9:c7:4f:3f:23
[    2.592947] e1000 0000:00:03.0 eth0: Intel(R) PRO/1000 Network Connection
[    2.595570] mptbase: ioc0: Initiating bringup
[    2.595636] e1000 0000:00:03.0 enp0s3: renamed from eth0
[    2.692948] ioc0: LSI53C1030 A0: Capabilities={Initiator}
[    2.940249] scsi host2: ioc0: LSI53C1030 A0, FwRev=00000000h, Ports=1, MaxQ=256, IRQ=20
[    3.113791] scsi 2:0:0:0: Direct-Access     VBOX     HARDDISK         1.0  PQ: 0 ANSI: 5
[    4.008207] scsi target2:0:0: Beginning Domain Validation
[    4.018712] scsi target2:0:0: Domain Validation skipping write tests
[    4.021106] scsi target2:0:0: Ending Domain Validation
[    4.023155] scsi target2:0:0: asynchronous
[    4.025194] scsi 2:0:1:0: Direct-Access     VBOX     HARDDISK         1.0  PQ: 0 ANSI: 5
[    4.133636] scsi target2:0:1: Beginning Domain Validation
[    4.146425] random: fast init done
[    4.151134] scsi target2:0:1: Domain Validation skipping write tests
[    4.155194] scsi target2:0:1: Ending Domain Validation
[    4.157977] scsi target2:0:1: asynchronous
[    4.168280] random: systemd-udevd: uninitialized urandom read (16 bytes read)
[    4.168351] sd 2:0:0:0: Attached scsi generic sg0 type 0
[    4.169696] random: systemd-udevd: uninitialized urandom read (16 bytes read)
[    4.171035] sd 2:0:1:0: Attached scsi generic sg1 type 0
[    4.172277] random: systemd-udevd: uninitialized urandom read (16 bytes read)
[    4.173435] sd 2:0:0:0: [sda] 20971520 512-byte logical blocks: (10.7 GB/10.0 GiB)
[    4.175008] sd 2:0:1:0: [sdb] 20480 512-byte logical blocks: (10.5 MB/10.0 MiB)
[    4.176346] sd 2:0:0:0: [sda] Write Protect is off
[    4.177789] sd 2:0:1:0: [sdb] Write Protect is off
[    4.180846] sd 2:0:1:0: [sdb] Incomplete mode parameter data
[    4.180865] sd 2:0:0:0: [sda] Incomplete mode parameter data
[    4.181956] sd 2:0:1:0: [sdb] Assuming drive cache: write through
[    4.183120] sd 2:0:0:0: [sda] Assuming drive cache: write through
[    4.188801] sd 2:0:1:0: [sdb] Attached SCSI disk
[    4.189546]  sda: sda1
[    4.190984] sd 2:0:0:0: [sda] Attached SCSI disk
Begin: Loading essential drivers ... [    6.068123] raid6: sse2x1   gen() 14122 MB/s
[    6.116123] raid6: sse2x1   xor() 10277 MB/s
[    6.164777] raid6: sse2x2   gen() 17315 MB/s
[    6.212628] raid6: sse2x2   xor() 11630 MB/s
[    6.260419] raid6: sse2x4   gen() 19717 MB/s
[    6.308244] raid6: sse2x4   xor() 12422 MB/s
[    6.356157] raid6: avx2x1   gen() 27967 MB/s
[    6.404017] raid6: avx2x1   xor() 18852 MB/s
[    6.452697] raid6: avx2x2   gen() 32297 MB/s
[    6.500558] raid6: avx2x2   xor() 21126 MB/s
[    6.548342] raid6: avx2x4   gen() 38787 MB/s
[    6.596163] raid6: avx2x4   xor() 22714 MB/s
[    6.596977] raid6: using algorithm avx2x4 gen() 38787 MB/s
[    6.597995] raid6: .... xor() 22714 MB/s, rmw enabled
[    6.598947] raid6: using avx2x2 recovery algorithm
[    6.601248] xor: automatically using best checksumming function   avx       
[    6.603337] async_tx: api initialized (async)
done.
Begin: Running /scripts/init-premount ... done.
Begin: Mounting root file system ... Begin: Running /scripts/local-top ... done.
Begin: Running /scripts/local-premount ... [    6.640718] Btrfs loaded, crc32c=crc32c-intel
Scanning for Btrfs filesystems
done.
Warning: fsck not present, so skipping root file system
[    6.679408] EXT4-fs (sda1): mounted filesystem with ordered data mode. Opts: (null)
done.
Begin: Running /scripts/local-bottom ... done.
Begin: Running /scripts/init-bottom ... done.
[    6.830295] ip_tables: (C) 2000-2006 Netfilter Core Team
[    6.840339] systemd[1]: systemd 237 running in system mode. (+PAM +AUDIT +SELINUX +IMA +APPARMOR +SMACK +SYSVINIT +UTMP +LIBCRYPTSETUP +GCRYPT +GNUTLS +ACL +XZ +LZ4 +SECCOMP +BLKID +ELFUTILS +KMOD -IDN2 +IDN -PCRE2 default-hierarchy=hybrid)
[    6.843920] systemd[1]: Detected virtualization oracle.
[    6.844876] systemd[1]: Detected architecture x86-64.

Welcome to [1mUbuntu 18.04.4 LTS[0m!

[    6.853329] systemd[1]: Set hostname to <ubuntu>.
[    6.858956] systemd[1]: Initializing machine ID from random generator.
[    6.860080] systemd[1]: Installed transient /etc/machine-id file.
[    7.138425] systemd[1]: Created slice User and Session Slice.
[[0;32m  OK  [0m] Created slice User and Session Slice.
[    7.140060] systemd[1]: Reached target User and Group Name Lookups.
[[0;32m  OK  [0m] Reached target User and Group Name Lookups.
[    7.142029] systemd[1]: Created slice System Slice.
[[0;32m  OK  [0m] Created slice System Slice.
[    7.143445] systemd[1]: Listening on udev Kernel Socket.
[[0;32m  OK  [0m] Listening on udev Kernel Socket.
[[0;32m  OK  [0m] Listening on udev Control Socket.
[[0;32m  OK  [0m] Reached target Swap.
[[0;32m  OK  [0m] Listening on Device-mapper event daemon FIFOs.
[[0;32m  OK  [0m] Listening on LVM2 metadata daemon socket.
[[0;32m  OK  [0m] Listening on Journal Socket (/dev/log).
[[0;32m  OK  [0m] Reached target System Time Synchronized.
[[0;32m  OK  [0m] Reached target Slices.
[[0;32m  OK  [0m] Set up automount Arbitrary Executabâ€¦rmats File System Automount Point.
[[0;32m  OK  [0m] Started Forward Password Requests to Wall Directory Watch.
[[0;32m  OK  [0m] Listening on Syslog Socket.
[[0;32m  OK  [0m] Listening on Journal Socket.
         Starting Remount Root and Kernel File Systems...
         Starting Load Kernel Modules...
         Starting Uncomplicated firewall...
         Mounting Huge Pages File System...
         Mounting Kernel Debug File System...
[    7.947322] Loading iSCSI transport class v2.0-870.
[    7.954406] iscsi: registered transport (tcp)
[    7.970262] iscsi: registered transport (iser)
         Starting Monitoring of LVM2 mirrorsâ€¦ng dmeventd or progress polling...
         Starting Create list of required stâ€¦ce nodes for the current kernel...
         Starting Set the console keyboard layout...
[[0;32m  OK  [0m] Listening on /dev/initctl Compatibility Named Pipe.
[[0;32m  OK  [0m] Created slice system-serial\x2dgetty.slice.
         Mounting POSIX Message Queue File System...
         Starting udev Coldplug all Devices...
[[0;32m  OK  [0m] Listening on Journal Audit Socket.
         Starting Journal Service...
[[0;32m  OK  [0m] Listening on Network Service Netlink Socket.
[[0;32m  OK  [0m] Listening on LVM2 poll daemon socket.
[[0;32m  OK  [0m] Started Load Kernel Modules.
[[0;32m  OK  [0m] Started Uncomplicated firewall.
[[0;32m  OK  [0m] Mounted Huge Pages File System.
[[0;32m  OK  [0m] Mounted Kernel Debug File System.
[[0;32m  OK  [0m] Mounted POSIX Message Queue File System.
[[0;32m  OK  [0m] Started Create list of required staâ€¦vice nodes for the current kernel.
[    8.045896] EXT4-fs (sda1): re-mounted. Opts: (null)
[[0;32m  OK  [0m] Started Remount Root and Kernel File Systems.
[[0;32m  OK  [0m] Started LVM2 metadata daemon.
         Starting Load/Save Random Seed...
         Starting Create Static Device Nodes in /dev...
         Mounting FUSE Control File System...
         Mounting Kernel Configuration File System...
         Starting Apply Kernel Variables...
[[0;32m  OK  [0m] Started Journal Service.
[[0;32m  OK  [0m] Started Monitoring of LVM2 mirrors,â€¦sing dmeventd or progress polling.
[[0;32m  OK  [0m] Started udev Coldplug all Devices.
[[0;32m  OK  [0m] Started Load/Save Random Seed.
[[0;32m  OK  [0m] Mounted FUSE Control File System.
[[0;32m  OK  [0m] Mounted Kernel Configuration File System.
         Starting Flush Journal to Persistent Storage...
[[0;32m  OK  [0m] Started Apply Kernel Variables.
[[0;32m  OK  [0m] Started Create Static Device Nodes in /dev.
         Starting udev Kernel Device Manager...
[[0;32m  OK  [0m] Started udev Kernel Device Manager.
[[0;32m  OK  [0m] Started Set the console keyboard layout.
[[0;32m  OK  [0m] Reached target Local File Systems (Pre).
[[0;32m  OK  [0m] Reached target Local File Systems.
         Starting AppArmor initialization...
         Starting Set console font and keymap...
         Starting Tell Plymouth To Write Out Runtime Data...
         Starting Commit a transient machine-id on disk...
         Starting ebtables ruleset management...
[[0;32m  OK  [0m] Started Dispatch Password Requests to Console Directory Watch.
[[0;32m  OK  [0m] Reached target Local Encrypted Volumes.
[[0;32m  OK  [0m] Started Flush Journal to Persistent Storage.
[[0;32m  OK  [0m] Started Set console font and keymap.
[[0;32m  OK  [0m] Started Tell Plymouth To Write Out Runtime Data.
[[0;32m  OK  [0m] Started Commit a transient machine-id on disk.
[[0;32m  OK  [0m] Started ebtables ruleset management.
[[0;32m  OK  [0m] Found device /dev/ttyS0.
         Starting Create Volatile Files and Directories...
[[0;32m  OK  [0m] Started Create Volatile Files and Directories.
         Starting Update UTMP about System Boot/Shutdown...
[[0;32m  OK  [0m] Listening on Load/Save RF Kill Switch Status /dev/rfkill Watch.
[[0;32m  OK  [0m] Started Update UTMP about System Boot/Shutdown.
[[0;32m  OK  [0m] Started AppArmor initialization.
         Starting Load AppArmor profiles managed internally by snapd...
         Starting Initial cloud-init job (pre-networking)...
[[0;32m  OK  [0m] Started Load AppArmor profiles managed internally by snapd.
[   10.327357] cloud-init[587]: Cloud-init v. 20.2-45-g5f7825e2-0ubuntu1~18.04.1 running 'init-local' at Thu, 06 Aug 2020 19:28:25 +0000. Up 9.93 seconds.
[[0;32m  OK  [0m] Started Initial cloud-init job (pre-networking).
[[0;32m  OK  [0m] Reached target Network (Pre).
         Starting Network Service...
[[0;32m  OK  [0m] Started Network Service.
         Starting Network Name Resolution...
         Starting Wait for Network to be Configured...
[[0;32m  OK  [0m] Started Network Name Resolution.
[[0;32m  OK  [0m] Reached target Network.
[[0;32m  OK  [0m] Reached target Host and Network Name Lookups.
[[0;32m  OK  [0m] Started Wait for Network to be Configured.
         Starting Initial cloud-init job (metadata service crawler)...
[   12.226524] cloud-init[700]: Cloud-init v. 20.2-45-g5f7825e2-0ubuntu1~18.04.1 running 'init' at Thu, 06 Aug 2020 19:28:27 +0000. Up 12.04 seconds.
[   12.236270] cloud-init[700]: ci-info: ++++++++++++++++++++++++++++++++++++++Net device info++++++++++++++++++++++++++++++++++++++
[   12.237378] cloud-init[700]: ci-info: +--------+------+----------------------------+---------------+--------+-------------------+
[   12.238713] cloud-init[700]: ci-info: | Device |  Up  |          Address           |      Mask     | Scope  |     Hw-Address    |
[   12.239924] cloud-init[700]: ci-info: +--------+------+----------------------------+---------------+--------+-------------------+
[   12.241304] cloud-init[700]: ci-info: | enp0s3 | True |         10.0.2.15          | 255.255.255.0 | global | 02:a9:c7:4f:3f:23 |
[   12.242633] cloud-init[700]: ci-info: | enp0s3 | True | fe80::a9:c7ff:fe4f:3f23/64 |       .       |  link  | 02:a9:c7:4f:3f:23 |
[   12.243999] cloud-init[700]: ci-info: |   lo   | True |         127.0.0.1          |   255.0.0.0   |  host  |         .         |
[   12.245344] cloud-init[700]: ci-info: |   lo   | True |          ::1/128           |       .       |  host  |         .         |
[   12.246933] cloud-init[700]: ci-info: +--------+------+----------------------------+---------------+--------+-------------------+
[   12.248270] cloud-init[700]: ci-info: ++++++++++++++++++++++++++++Route IPv4 info+++++++++++++++++++++++++++++
[   12.249322] cloud-init[700]: ci-info: +-------+-------------+----------+-----------------+-----------+-------+
[   12.264501] cloud-init[700]: ci-info: | Route | Destination | Gateway  |     Genmask     | Interface | Flags |
[   12.265283] cloud-init[700]: ci-info: +-------+-------------+----------+-----------------+-----------+-------+
[   12.266222] cloud-init[700]: ci-info: |   0   |   0.0.0.0   | 10.0.2.2 |     0.0.0.0     |   enp0s3  |   UG  |
[   12.276276] cloud-init[700]: ci-info: |   1   |   10.0.2.0  | 0.0.0.0  |  255.255.255.0  |   enp0s3  |   U   |
[   12.277568] cloud-init[700]: ci-info: |   2   |   10.0.2.2  | 0.0.0.0  | 255.255.255.255 |   enp0s3  |   UH  |
[   12.278801] cloud-init[700]: ci-info: +-------+-------------+----------+-----------------+-----------+-------+
[   12.280109] cloud-init[700]: ci-info: +++++++++++++++++++Route IPv6 info+++++++++++++++++++
[   12.281206] cloud-init[700]: ci-info: +-------+-------------+---------+-----------+-------+
[   12.282209] cloud-init[700]: ci-info: | Route | Destination | Gateway | Interface | Flags |
[   12.283476] cloud-init[700]: ci-info: +-------+-------------+---------+-----------+-------+
[   12.284652] cloud-init[700]: ci-info: |   1   |  fe80::/64  |    ::   |   enp0s3  |   U   |
[   12.285465] cloud-init[700]: ci-info: |   3   |    local    |    ::   |   enp0s3  |   U   |
[   12.286553] cloud-init[700]: ci-info: |   4   |   ff00::/8  |    ::   |   enp0s3  |   U   |
[   12.287646] cloud-init[700]: ci-info: +-------+-------------+---------+-----------+-------+
[   12.962072] cloud-init[700]: Generating public/private rsa key pair.
[   12.973402] cloud-init[700]: Your identification has been saved in /etc/ssh/ssh_host_rsa_key.
[   12.974439] cloud-init[700]: Your public key has been saved in /etc/ssh/ssh_host_rsa_key.pub.
[   12.975489] cloud-init[700]: The key fingerprint is:
[   12.976246] cloud-init[700]: SHA256:rx7u2GwAfWZcTXp5XT635s0VHTcxBJ8MR9nMQWZSVrE root@ubuntu-bionic
[   12.977340] cloud-init[700]: The key's randomart image is:
[   12.978114] cloud-init[700]: +---[RSA 2048]----+
[   12.978790] cloud-init[700]: |           o.+*^@|
[   12.979462] cloud-init[700]: |          ....X+&|
[   12.980162] cloud-init[700]: |     . . .. o .E=|
[   12.980823] cloud-init[700]: |    . . =  . .  =|
[   12.981480] cloud-init[700]: |     . +S      o.|
[   12.982165] cloud-init[700]: |      .  .    o.o|
[   12.983005] cloud-init[700]: |       .. .    .o|
[   12.983965] cloud-init[700]: |       =.o       |
[   12.984725] cloud-init[700]: |      .+B        |
[   12.985431] cloud-init[700]: +----[SHA256]-----+
[   12.986138] cloud-init[700]: Generating public/private dsa key pair.
[   12.987004] cloud-init[700]: Your identification has been saved in /etc/ssh/ssh_host_dsa_key.
[   12.988044] cloud-init[700]: Your public key has been saved in /etc/ssh/ssh_host_dsa_key.pub.
[   12.989158] cloud-init[700]: The key fingerprint is:
[   12.989900] cloud-init[700]: SHA256:wkl86e1l3QxFgToiFK193Vkjqli+T0kwseo2ImD7fBw root@ubuntu-bionic
[   12.991061] cloud-init[700]: The key's randomart image is:
[   12.991853] cloud-init[700]: +---[DSA 1024]----+
[   12.992563] cloud-init[700]: |       .o.    .o+|
[   12.993244] cloud-init[700]: |     . . oo  o o.|
[   13.004636] cloud-init[700]: |      + =+  + + +|
[[0;32m  OK  [0m] Started Initial cloud-init job (metadata service crawler).
[   13.020327] cloud-init[[700]: [0;32m  OK  [0m|     o *.=o= o * |] 
Reached target System Initialization.
[   13.021595] cloud-init[700]: | o    +.S =.+ . o|
         Starting LXD - unix socket.
[   13.036967] cloud-init[700]: |. o  E.o +.o.    |
[   13.037654] cloud-init         [700]: Starting Socket activation for snappy daemon.| . ....+  oo     |

[[0;32m  OK  [0m] Started ACPI Events Check.
[   13.052811] [[0;32m  OK  [0m] Listening on D-Bus System Message Bus Socket.
[[0;32m  OK  [0m] Started Daily apt download activities.
cloud-init[700]: |  o .oo ...      |
[   13.054539] [[0;32m  OK  [0m] Started Message of the Day.
[[0;32m  OK  [0m] Listening on Open-iSCSI iscsid Socket.
[[0;32m  OK  [0m] Started Daily Cleanup of Temporary Directories.
[[0;32m  OK  [0m] Started Discard unused blocks once a week.
[[0;32m  OK  [0m] Listening on UUID daemon activation socket.
[[0;32m  OK  [0m] Started Daily apt upgrade and clean activities.
[[0;32m  OK  [0m] Reached target Timers.
[[0;32m  OK  [0m] Listening on ACPID Listen Socket.
[[0;32m  OK  [0m] Reached target Paths.
[[0;32m  OK  [0m] Reached target Network is Online.
         Starting Availability of block devices...
[[0;32m  OK  [0m] Reached target Remote File Systems (Pre).
[[0;32m  OK  [0m] Reached target Remote File Systems.
[[0;32m  OK  [0m] Reached target Cloud-config availability.
[[0;32m  OK  [0m] Listening on LXD - unix socket.
[[0;32m  OK  [0m] Listening on Socket activation for snappy daemon.
[[0;32m  OK  [0m] Reached target Sockets.
[[0;32m  OK  [0m] Reached target Basic System.
cloud-init[700]: |   o.     ..     |
[   13.063537]          Starting Virtualbox guest utils...
cloud-init[700]:          Starting Accounts Service...
+----[SHA256]-----+
         Starting Login Service...
         Starting Permit User Sessions...
[   13.066466] cloud-init[700]: Generating public/private ecdsa key pair.
         Starting LSB: Record successful boot for GRUB...
[[0;32m  OK  [0m] Started FUSE filesystem for LXC.
[   13.071082] cloud-init[700]: Your identification has been saved in /etc/ssh/ssh_host_ecdsa_key.
[[0;32m  OK  [0m] Started D-Bus System Message Bus.
[   13.086463] cloud-init[700]: Your public key has been saved in /etc/ssh/ssh_host_ecdsa_key.pub.
[   13.088475] cloud-init[700]: The key fingerprint is:
[   13.089608] cloud-init[700]: SHA256:HCFVSPRn7ZgdfjpTL1alI+fGFpmk08S5CUsCxhMEDWk root@ubuntu-bionic
[   13.100293] cloud-init[700]: The key's randomart image is:
[   13.112220] cloud-init[700]: +---[ECDSA 256]---+
[   13.125638] cloud-init[700]: |      +@X+.      |
[   13.126283] cloud-init[700]: |      Eo=+   o . |
[   13.136855] cloud-init[700]: |     .  ..o = B .|
[   13.148194] cloud-init[700]: |       . . = & B.|
[   13.148612] cloud-init[700]: |        S   B # +|
[   13.160190] cloud-init[700]: |             * B.|
[   13.160791] cloud-init[700]: |              @ .|
[[0;32m  OK  [0m] Started irqbalance daemon.
[   13.178135] cloud-init[700]: |             + + |
         Starting Dispatcher daemon for systemd-networkd...
[   13.204658] cloud-init[700]: |                 |
         Starting LSB: automatic crash report generation...
[   13.229360] cloud-init[700]: +----[SHA256]-----+
[   13.241421] cloud-init[700]: Generating public/private ed25519 key pair.
[   13.242266] [[0;32m  OK  [0m] Started Regular background program processing daemon.
cloud-init[700]: Your identification has been saved in /etc/ssh/ssh_host_ed25519_key.         Starting System Logging Service...

[   13.244685] cloud-init[700]: Your public key has been saved in /etc/ssh/ssh_host_ed25519_key.pub.         Starting Pollinate to seed the pseudo random number generator...

[   13.246651] cloud-init[700]: The key fingerprint is:
[   13.247373]          Starting Snap Daemon...
cloud-init[700]: SHA256:/DZwGMWzhwfOFUdJlJ+Fwdo3RJvp2Sk90d0eULwkpSU root@ubuntu-bionic[[0;32m  OK  [0m] Started Deferred execution scheduler.

[   13.250584]          Starting LXD - container startup/shutdown...
cloud-init[700]: The key's randomart image is:
[   13.253321] cloud-init[700]: +--[ED25519 256]--+
[[0;32m  OK  [0m] Started Availability of block devices.
[   13.254807] cloud-init[700]: |         .. .E@X |[
[0;32m  OK  [0m] Started Permit User Sessions.
[   13.257170] cloud-init[700]: |         .+ .oX+O|
[   13.257856] cloud-init[700]: |        .o * ++BB|
[   13.258939] cloud-init[700]: |       . o= + +=O|
[[0;32m  OK  [0m[   13.272978] cloud-init[700]: |        S .o . B+|
[   13.273176] cloud-init[700]: |         +    . .|
] Started Login Service.
[   13.273444] cloud-init[700]: |          +      |
[   13.273713] cloud-init[700]: |         . .     |
[   13.276251] cloud-init[700]: |                 |
[   13.288637] cloud-init[700]: +----[SHA256]-----+
[[0;32m  OK  [0m] Started System Logging Service.
         Starting Authorization Manager...
[[0;32m  OK  [0m] Started Unattended Upgrades Shutdown.
         Starting Terminate Plymouth Boot Screen...
         Starting Hold until boot process finishes up...
[[0;32m  OK  [0m] Started Hold until boot process finishes up.
[[0;32m  OK  [0m] Started Serial Getty on ttyS0.
         Starting Set console scheme...
[[0;32m  OK  [0m] Started Terminate Plymouth Boot Screen.
[[0;32m  OK  [0m] Started LSB: automatic crash report generation.
[[0;32m  OK  [0m] Started Set console scheme.
[[0;32m  OK  [0m] Created slice system-getty.slice.
[[0;32m  OK  [0m] Started Getty on tty1.
[[0;32m  OK  [0m] Reached target Login Prompts.
[[0;32m  OK  [0m] Started LSB: Record successful boot for GRUB.
[[0;32m  OK  [0m] Started LXD - container startup/shutdown.
[[0;32m  OK  [0m] Started Virtualbox guest utils.
[[0;32m  OK  [0m] Started Authorization Manager.
[[0;32m  OK  [0m] Started Accounts Service.
[[0;32m  OK  [0m] Started Dispatcher daemon for systemd-networkd.
[[0;32m  OK  [0m] Started Snap Daemon.
         Starting Wait until snapd is fully seeded...
[[0;32m  OK  [0m] Started Pollinate to seed the pseudo random number generator.
         Starting OpenBSD Secure Shell server...
[[0;32m  OK  [0m] Started OpenBSD Secure Shell server.
[[0;32m  OK  [0m] Created slice User Slice of vagrant.
         Starting User Manager for UID 1000...
[[0;32m  OK  [0m] Started Wait until snapd is fully seeded.
[[0;32m  OK  [0m] Started Session 1 of user vagrant.
         Starting Apply the settings specified in cloud-config...
[[0;32m  OK  [0m] Reached target Multi-User System.
[[0;32m  OK  [0m] Reached target Graphical Interface.
         Starting Update UTMP about System Runlevel Changes...
[[0;32m  OK  [0m] Started Update UTMP about System Runlevel Changes.
[[0;32m  OK  [0m] Started User Manager for UID 1000.
[   15.985681] cloud-init[1309]: Cloud-init v. 20.2-45-g5f7825e2-0ubuntu1~18.04.1 running 'modules:config' at Thu, 06 Aug 2020 19:28:31 +0000. Up 15.45 seconds.
[[0;32m  OK  [0m] Started Apply the settings specified in cloud-config.
         Starting Execute cloud user/final scripts...
ci-info: no authorized SSH keys fingerprints found for user ubuntu.
<14>Aug  6 19:28:32 ec2: 
<14>Aug  6 19:28:32 ec2: #############################################################
<14>Aug  6 19:28:32 ec2: -----BEGIN SSH HOST KEY FINGERPRINTS-----
<14>Aug  6 19:28:32 ec2: 1024 SHA256:wkl86e1l3QxFgToiFK193Vkjqli+T0kwseo2ImD7fBw root@ubuntu-bionic (DSA)
<14>Aug  6 19:28:32 ec2: 256 SHA256:HCFVSPRn7ZgdfjpTL1alI+fGFpmk08S5CUsCxhMEDWk root@ubuntu-bionic (ECDSA)
<14>Aug  6 19:28:32 ec2: 256 SHA256:/DZwGMWzhwfOFUdJlJ+Fwdo3RJvp2Sk90d0eULwkpSU root@ubuntu-bionic (ED25519)
<14>Aug  6 19:28:32 ec2: 2048 SHA256:rx7u2GwAfWZcTXp5XT635s0VHTcxBJ8MR9nMQWZSVrE root@ubuntu-bionic (RSA)
<14>Aug  6 19:28:32 ec2: -----END SSH HOST KEY FINGERPRINTS-----
<14>Aug  6 19:28:32 ec2: #############################################################
-----BEGIN SSH HOST KEY KEYS-----
ecdsa-sha2-nistp256 AAAAE2VjZHNhLXNoYTItbmlzdHAyNTYAAAAIbmlzdHAyNTYAAABBBBn1UumSHz9HNe21mq9kD5cfMpk3j99lcEMmQ/nu9olpK8q6HfySnt+g4yllJBTlqn+n7AdGoNijuRS3IsgxRAg= root@ubuntu-bionic
ssh-ed25519 AAAAC3NzaC1lZDI1NTE5AAAAIHoPYdvcj72SXYr91kc/PbjctOEjj8x/hT1pxOrYWqDN root@ubuntu-bionic
ssh-rsa AAAAB3NzaC1yc2EAAAADAQABAAABAQClW6vxn0qjVS/tZu6zmXwUaeLR5xDpwFOPeLiPEVCW5hrjxnM2+JkHRC35e6IF5wWfczwW+MT5Dt6spC4Z4cgJplCPFl0RxFehwVIhakBtP0rsSpy551rlsFffkszfMERI9pzLMpUZnsNRiMpsw73f8hY9mkf/md+/gz2zsWofLKGzP1syT7Cykm2/637FrophcZqEzecr4bXjeSutuKGVCwJaI0CdhWRvc2fqhTF3aS4Efc4vrjc0RQflBFHiNJkbnrw/Z9VrYeWJ4B3/s3Aea79dgLjbFHR+TTYYP/UOJ+A6b8aqyf9H3Ft9uFpQVRchsIaiVqlkb0rlr9VWlqzX root@ubuntu-bionic
-----END SSH HOST KEY KEYS-----
[   16.667776] cloud-init[1431]: Cloud-init v. 20.2-45-g5f7825e2-0ubuntu1~18.04.1 running 'modules:final' at Thu, 06 Aug 2020 19:28:32 +0000. Up 16.48 seconds.
[   16.669222] cloud-init[1431]: ci-info: no authorized SSH keys fingerprints found for user ubuntu.
[   16.670100] cloud-init[1431]: Cloud-init v. 20.2-45-g5f7825e2-0ubuntu1~18.04.1 finished at Thu, 06 Aug 2020 19:28:32 +0000. Datasource DataSourceNoCloud [seed=/dev/sdb][dsmode=net].  Up 16.65 seconds
[[0;32m  OK  [0m] Started Execute cloud user/final scripts.
[[0;32m  OK  [0m] Reached target Cloud-init target.

Ubuntu 18.04.4 LTS ubuntu-bionic ttyS0

ubuntu-bionic login: 